Archive member included to satisfy reference by file (symbol)

/home/quangnv/.local/xPacks/@xpack-dev-tools/arm-none-eabi-gcc/12.3.1-1.2.1/.content/bin/../lib/gcc/arm-none-eabi/12.3.1/thumb/v7e-m/nofp/libgcc.a(_aeabi_uldivmod.o)
                              ./system/src/stm32f4-hal/stm32f4xx_hal_rcc.o (__aeabi_uldivmod)
/home/quangnv/.local/xPacks/@xpack-dev-tools/arm-none-eabi-gcc/12.3.1-1.2.1/.content/bin/../lib/gcc/arm-none-eabi/12.3.1/thumb/v7e-m/nofp/libgcc.a(_udivmoddi4.o)
                              /home/quangnv/.local/xPacks/@xpack-dev-tools/arm-none-eabi-gcc/12.3.1-1.2.1/.content/bin/../lib/gcc/arm-none-eabi/12.3.1/thumb/v7e-m/nofp/libgcc.a(_aeabi_uldivmod.o) (__udivmoddi4)
/home/quangnv/.local/xPacks/@xpack-dev-tools/arm-none-eabi-gcc/12.3.1-1.2.1/.content/bin/../lib/gcc/arm-none-eabi/12.3.1/thumb/v7e-m/nofp/libgcc.a(_dvmd_tls.o)
                              /home/quangnv/.local/xPacks/@xpack-dev-tools/arm-none-eabi-gcc/12.3.1-1.2.1/.content/bin/../lib/gcc/arm-none-eabi/12.3.1/thumb/v7e-m/nofp/libgcc.a(_aeabi_uldivmod.o) (__aeabi_ldiv0)
/home/quangnv/.local/xPacks/@xpack-dev-tools/arm-none-eabi-gcc/12.3.1-1.2.1/.content/bin/../lib/gcc/arm-none-eabi/12.3.1/../../../../arm-none-eabi/lib/thumb/v7e-m/nofp/libg_nano.a(libc_a-ctype_.o)
                              ./system/src/newlib/syscalls.o (_ctype_)
/home/quangnv/.local/xPacks/@xpack-dev-tools/arm-none-eabi-gcc/12.3.1-1.2.1/.content/bin/../lib/gcc/arm-none-eabi/12.3.1/../../../../arm-none-eabi/lib/thumb/v7e-m/nofp/libg_nano.a(libc_a-vsnprintf.o)
                              ./system/src/diag/trace.o (vsnprintf)
/home/quangnv/.local/xPacks/@xpack-dev-tools/arm-none-eabi-gcc/12.3.1-1.2.1/.content/bin/../lib/gcc/arm-none-eabi/12.3.1/../../../../arm-none-eabi/lib/thumb/v7e-m/nofp/libg_nano.a(libc_a-memset.o)
                              ./system/src/newlib/syscalls.o (memset)
/home/quangnv/.local/xPacks/@xpack-dev-tools/arm-none-eabi-gcc/12.3.1-1.2.1/.content/bin/../lib/gcc/arm-none-eabi/12.3.1/../../../../arm-none-eabi/lib/thumb/v7e-m/nofp/libg_nano.a(libc_a-strncpy.o)
                              ./system/src/newlib/syscalls.o (strncpy)
/home/quangnv/.local/xPacks/@xpack-dev-tools/arm-none-eabi-gcc/12.3.1-1.2.1/.content/bin/../lib/gcc/arm-none-eabi/12.3.1/../../../../arm-none-eabi/lib/thumb/v7e-m/nofp/libg_nano.a(libc_a-impure.o)
                              /home/quangnv/.local/xPacks/@xpack-dev-tools/arm-none-eabi-gcc/12.3.1-1.2.1/.content/bin/../lib/gcc/arm-none-eabi/12.3.1/../../../../arm-none-eabi/lib/thumb/v7e-m/nofp/libg_nano.a(libc_a-vsnprintf.o) (_impure_ptr)
/home/quangnv/.local/xPacks/@xpack-dev-tools/arm-none-eabi-gcc/12.3.1-1.2.1/.content/bin/../lib/gcc/arm-none-eabi/12.3.1/../../../../arm-none-eabi/lib/thumb/v7e-m/nofp/libg_nano.a(libc_a-errno.o)
                              ./system/src/newlib/sbrk.o (__errno)
/home/quangnv/.local/xPacks/@xpack-dev-tools/arm-none-eabi-gcc/12.3.1-1.2.1/.content/bin/../lib/gcc/arm-none-eabi/12.3.1/../../../../arm-none-eabi/lib/thumb/v7e-m/nofp/libg_nano.a(libc_a-strcmp.o)
                              ./system/src/cortexm/exception-handlers.o (strcmp)
/home/quangnv/.local/xPacks/@xpack-dev-tools/arm-none-eabi-gcc/12.3.1-1.2.1/.content/bin/../lib/gcc/arm-none-eabi/12.3.1/../../../../arm-none-eabi/lib/thumb/v7e-m/nofp/libg_nano.a(libc_a-strlen.o)
                              ./system/src/newlib/syscalls.o (strlen)
/home/quangnv/.local/xPacks/@xpack-dev-tools/arm-none-eabi-gcc/12.3.1-1.2.1/.content/bin/../lib/gcc/arm-none-eabi/12.3.1/../../../../arm-none-eabi/lib/thumb/v7e-m/nofp/libg_nano.a(libc_a-nano-svfprintf.o)
                              /home/quangnv/.local/xPacks/@xpack-dev-tools/arm-none-eabi-gcc/12.3.1-1.2.1/.content/bin/../lib/gcc/arm-none-eabi/12.3.1/../../../../arm-none-eabi/lib/thumb/v7e-m/nofp/libg_nano.a(libc_a-vsnprintf.o) (_svfprintf_r)
/home/quangnv/.local/xPacks/@xpack-dev-tools/arm-none-eabi-gcc/12.3.1-1.2.1/.content/bin/../lib/gcc/arm-none-eabi/12.3.1/../../../../arm-none-eabi/lib/thumb/v7e-m/nofp/libg_nano.a(libc_a-nano-vfprintf_i.o)
                              /home/quangnv/.local/xPacks/@xpack-dev-tools/arm-none-eabi-gcc/12.3.1-1.2.1/.content/bin/../lib/gcc/arm-none-eabi/12.3.1/../../../../arm-none-eabi/lib/thumb/v7e-m/nofp/libg_nano.a(libc_a-nano-svfprintf.o) (_printf_i)
/home/quangnv/.local/xPacks/@xpack-dev-tools/arm-none-eabi-gcc/12.3.1-1.2.1/.content/bin/../lib/gcc/arm-none-eabi/12.3.1/../../../../arm-none-eabi/lib/thumb/v7e-m/nofp/libg_nano.a(libc_a-memmove.o)
                              /home/quangnv/.local/xPacks/@xpack-dev-tools/arm-none-eabi-gcc/12.3.1-1.2.1/.content/bin/../lib/gcc/arm-none-eabi/12.3.1/../../../../arm-none-eabi/lib/thumb/v7e-m/nofp/libg_nano.a(libc_a-nano-svfprintf.o) (memmove)
/home/quangnv/.local/xPacks/@xpack-dev-tools/arm-none-eabi-gcc/12.3.1-1.2.1/.content/bin/../lib/gcc/arm-none-eabi/12.3.1/../../../../arm-none-eabi/lib/thumb/v7e-m/nofp/libg_nano.a(libc_a-memchr.o)
[...]
Memory Configuration

Name             Origin             Length             Attributes
RAM              0x20000000         0x00020000         xrw
CCMRAM           0x10000000         0x00010000         xrw
FLASH            0x08000000         0x00100000         xr
FLASHB1          0x00000000         0x00000000         xr
EXTMEMB0         0x00000000         0x00000000         xr
EXTMEMB1         0x00000000         0x00000000         xr
EXTMEMB2         0x00000000         0x00000000         xr
EXTMEMB3         0x00000000         0x00000000         xr
MEMORY_ARRAY     0x20002000         0x00000020         xrw
*default*        0x00000000         0xffffffff

Linker script and memory map

LOAD ./system/src/stm32f4-hal/stm32f4xx_hal.o
LOAD ./system/src/stm32f4-hal/stm32f4xx_hal_cortex.o
LOAD ./system/src/stm32f4-hal/stm32f4xx_hal_flash.o
LOAD ./system/src/stm32f4-hal/stm32f4xx_hal_flash_ex.o
LOAD ./system/src/stm32f4-hal/stm32f4xx_hal_flash_ramfunc.o
LOAD ./system/src/stm32f4-hal/stm32f4xx_hal_gpio.o
LOAD ./system/src/stm32f4-hal/stm32f4xx_hal_iwdg.o
LOAD ./system/src/stm32f4-hal/stm32f4xx_hal_pwr.o
LOAD ./system/src/stm32f4-hal/stm32f4xx_hal_rcc.o
LOAD ./system/src/newlib/assert.o
LOAD ./system/src/newlib/cxx.o
LOAD ./system/src/newlib/exit.o
LOAD ./system/src/newlib/sbrk.o
LOAD ./system/src/newlib/startup.o
LOAD ./system/src/newlib/syscalls.o
LOAD ./system/src/diag/trace-impl.o
LOAD ./system/src/diag/trace.o
LOAD ./system/src/cortexm/exception-handlers.o
LOAD ./system/src/cortexm/initialize-hardware.o
LOAD ./system/src/cortexm/reset-hardware.o
LOAD ./system/src/cmsis/system_stm32f4xx.o
LOAD ./system/src/cmsis/vectors_stm32f407xx.o
LOAD ./src/initialize-hardware.o
LOAD ./src/led.o
LOAD ./src/main.o
LOAD ./src/stm32f4xx_hal_msp.o
LOAD ./src/timer.o
LOAD ./src/write.o
LOAD /home/quangnv/.local/xPacks/@xpack-dev-tools/arm-none-eabi-gcc/12.3.1-1.2.1/.content/bin/../lib/gcc/arm-none-eabi/12.3.1/../../../../arm-none-eabi/lib/thumb/v7e-m/nofp/libstdc++_nano.a
LOAD /home/quangnv/.local/xPacks/@xpack-dev-tools/arm-none-eabi-gcc/12.3.1-1.2.1/.content/bin/../lib/gcc/arm-none-eabi/12.3.1/../../../../arm-none-eabi/lib/thumb/v7e-m/nofp/libm.a
START GROUP
LOAD /home/quangnv/.local/xPacks/@xpack-dev-tools/arm-none-eabi-gcc/12.3.1-1.2.1/.content/bin/../lib/gcc/arm-none-eabi/12.3.1/thumb/v7e-m/nofp/libgcc.a
LOAD /home/quangnv/.local/xPacks/@xpack-dev-tools/arm-none-eabi-gcc/12.3.1-1.2.1/.content/bin/../lib/gcc/arm-none-eabi/12.3.1/../../../../arm-none-eabi/lib/thumb/v7e-m/nofp/libg_nano.a
LOAD /home/quangnv/.local/xPacks/@xpack-dev-tools/arm-none-eabi-gcc/12.3.1-1.2.1/.content/bin/../lib/gcc/arm-none-eabi/12.3.1/../../../../arm-none-eabi/lib/thumb/v7e-m/nofp/libc_nano.a
END GROUP
START GROUP
LOAD /home/quangnv/.local/xPacks/@xpack-dev-tools/arm-none-eabi-gcc/12.3.1-1.2.1/.content/bin/../lib/gcc/arm-none-eabi/12.3.1/thumb/v7e-m/nofp/libgcc.a
LOAD /home/quangnv/.local/xPacks/@xpack-dev-tools/arm-none-eabi-gcc/12.3.1-1.2.1/.content/bin/../lib/gcc/arm-none-eabi/12.3.1/../../../../arm-none-eabi/lib/thumb/v7e-m/nofp/libc_nano.a
END GROUP
                0x20020000                        __stack = (ORIGIN (RAM) + LENGTH (RAM))
                0x20020000                        _estack = __stack
                0x00000400                        __Main_Stack_Size = 0x400
                [!provide]                        PROVIDE (_Main_Stack_Size = __Main_Stack_Size)
                0x2001fc00                        __Main_Stack_Limit = (__stack - __Main_Stack_Size)
                [!provide]                        PROVIDE (_Main_Stack_Limit = __Main_Stack_Limit)
                0x00000100                        _Minimum_Stack_Size = 0x100
                0x20000250                        PROVIDE (_Heap_Begin = _end_noinit)
                0x2001fc00                        PROVIDE (_Heap_Limit = (__stack - __Main_Stack_Size))

.isr_vector     0x08000000      0x3e8
 FILL mask 0xff
                0x08000000                        __vectors_start = ABSOLUTE (.)
                0x08000000                        __vectors_start__ = ABSOLUTE (.)
 *(.isr_vector)
 .isr_vector    0x08000000      0x188 ./system/src/cmsis/vectors_stm32f407xx.o
                0x08000000                __isr_vectors
 *(.cfmconfig)
 *(.after_vectors .after_vectors.*)
 .after_vectors
                0x08000188      0x130 ./system/src/newlib/startup.o
                0x08000188                _start
 .after_vectors
                0x080002b8      0x12c ./system/src/cortexm/exception-handlers.o
                0x080002b8                Reset_Handler
                0x080002be                NMI_Handler
                0x080002c2                HardFault_Handler
                0x080002d6                HardFault_Handler_C
                0x08000334                MemManage_Handler
                0x08000338                BusFault_Handler
                0x0800034c                BusFault_Handler_C
                0x08000380                UsageFault_Handler
                0x08000394                UsageFault_Handler_C
                0x080003c8                SVC_Handler
                0x080003cc                DebugMon_Handler
                0x080003d0                PendSV_Handler
 .after_vectors
                0x080003e4        0x4 ./system/src/cmsis/vectors_stm32f407xx.o
                0x080003e4                RTC_Alarm_IRQHandler
                0x080003e4                HASH_RNG_IRQHandler
                0x080003e4                EXTI2_IRQHandler
                0x080003e4                TIM8_CC_IRQHandler
                0x080003e4                TIM1_CC_IRQHandler
                0x080003e4                DMA2_Stream5_IRQHandler
                0x080003e4                DMA1_Stream5_IRQHandler
                0x080003e4                PVD_IRQHandler
                0x080003e4                SDIO_IRQHandler
                0x080003e4                TAMP_STAMP_IRQHandler
                0x080003e4                CAN2_RX1_IRQHandler
                0x080003e4                EXTI3_IRQHandler
                0x080003e4                TIM8_TRG_COM_TIM14_IRQHandler
                0x080003e4                TIM1_UP_TIM10_IRQHandler
                0x080003e4                TIM8_UP_TIM13_IRQHandler
                0x080003e4                I2C3_ER_IRQHandler
                0x080003e4                EXTI0_IRQHandler
                0x080003e4                I2C2_EV_IRQHandler
                0x080003e4                DMA1_Stream2_IRQHandler
                0x080003e4                CAN1_RX0_IRQHandler
                0x080003e4                FPU_IRQHandler
                0x080003e4                OTG_HS_WKUP_IRQHandler
                0x080003e4                CAN2_SCE_IRQHandler
                0x080003e4                DMA2_Stream2_IRQHandler
                0x080003e4                SPI1_IRQHandler
                0x080003e4                TIM6_DAC_IRQHandler
                0x080003e4                TIM1_BRK_TIM9_IRQHandler
                0x080003e4                DCMI_IRQHandler
                0x080003e4                CAN2_RX0_IRQHandler
                0x080003e4                DMA2_Stream3_IRQHandler
                0x080003e4                USART6_IRQHandler
                0x080003e4                USART3_IRQHandler
                0x080003e4                CAN1_RX1_IRQHandler
                0x080003e4                UART5_IRQHandler
                0x080003e4                DMA2_Stream0_IRQHandler
                0x080003e4                TIM4_IRQHandler
                0x080003e4                I2C1_EV_IRQHandler
                0x080003e4                DMA1_Stream6_IRQHandler
                0x080003e4                DMA1_Stream1_IRQHandler
                0x080003e4                UART4_IRQHandler
                0x080003e4                TIM3_IRQHandler
                0x080003e4                RCC_IRQHandler
                0x080003e4                TIM8_BRK_TIM12_IRQHandler
                0x080003e4                Default_Handler
                0x080003e4                EXTI15_10_IRQHandler
                0x080003e4                ADC_IRQHandler
                0x080003e4                DMA1_Stream7_IRQHandler
                0x080003e4                TIM7_IRQHandler
                0x080003e4                CAN2_TX_IRQHandler
                0x080003e4                TIM5_IRQHandler
                0x080003e4                DMA2_Stream7_IRQHandler
                0x080003e4                I2C3_EV_IRQHandler
                0x080003e4                EXTI9_5_IRQHandler
                0x080003e4                RTC_WKUP_IRQHandler
                0x080003e4                ETH_WKUP_IRQHandler
                0x080003e4                SPI2_IRQHandler
                0x080003e4                OTG_HS_EP1_IN_IRQHandler
                0x080003e4                DMA1_Stream0_IRQHandler
                0x080003e4                CAN1_TX_IRQHandler
                0x080003e4                EXTI4_IRQHandler
                0x080003e4                ETH_IRQHandler
                0x080003e4                OTG_HS_EP1_OUT_IRQHandler
                0x080003e4                WWDG_IRQHandler
                0x080003e4                TIM2_IRQHandler
                0x080003e4                OTG_FS_WKUP_IRQHandler
                0x080003e4                TIM1_TRG_COM_TIM11_IRQHandler
                0x080003e4                OTG_HS_IRQHandler
                0x080003e4                EXTI1_IRQHandler
                0x080003e4                USART2_IRQHandler
                0x080003e4                I2C2_ER_IRQHandler
                0x080003e4                DMA2_Stream1_IRQHandler
                0x080003e4                CAN1_SCE_IRQHandler
                0x080003e4                FLASH_IRQHandler
                0x080003e4                DMA2_Stream4_IRQHandler
                0x080003e4                USART1_IRQHandler
                0x080003e4                OTG_FS_IRQHandler
                0x080003e4                SPI3_IRQHandler
                0x080003e4                DMA1_Stream4_IRQHandler
                0x080003e4                I2C1_ER_IRQHandler
                0x080003e4                FMC_IRQHandler
                0x080003e4                DMA2_Stream6_IRQHandler
                0x080003e4                DMA1_Stream3_IRQHandler

.inits          0x080003e8       0x28
                0x080003e8                        __data_regions_array_start = .
                0x080003e8        0x4 LONG 0x8002a38 LOADADDR (.data)
                0x080003ec        0x4 LONG 0x20000000 ADDR (.data)
                0x080003f0        0x4 LONG 0x20000088 (ADDR (.data) + SIZEOF (.data))
                0x080003f4        0x4 LONG 0x8002a38 LOADADDR (.data_CCMRAM)
                0x080003f8        0x4 LONG 0x10000000 ADDR (.data_CCMRAM)
                0x080003fc        0x4 LONG 0x10000000 (ADDR (.data_CCMRAM) + SIZEOF (.data_CCMRAM))
                0x08000400                        __data_regions_array_end = .
                0x08000400                        __bss_regions_array_start = .
                0x08000400        0x4 LONG 0x20000088 ADDR (.bss)
                0x08000404        0x4 LONG 0x20000250 (ADDR (.bss) + SIZEOF (.bss))
                0x08000408        0x4 LONG 0x10000000 ADDR (.bss_CCMRAM)
                0x0800040c        0x4 LONG 0x10000000 (ADDR (.bss_CCMRAM) + SIZEOF (.bss_CCMRAM))
                0x08000410                        __bss_regions_array_end = .
 *(.init)
 *(.fini)
                0x08000410                        . = ALIGN (0x4)
                0x08000410                        PROVIDE (__preinit_array_start = .)
 *(.preinit_array_sysinit .preinit_array_sysinit.*)
 *(.preinit_array_platform .preinit_array_platform.*)
 *(.preinit_array .preinit_array.*)
                0x08000410                        PROVIDE (__preinit_array_end = .)
                0x08000410                        . = ALIGN (0x4)
                0x08000410                        PROVIDE (__init_array_start = .)
 *(SORT_BY_NAME(.init_array.*))
 *(.init_array)
                0x08000410                        PROVIDE (__init_array_end = .)
                0x08000410                        . = ALIGN (0x4)
                0x08000410                        PROVIDE (__fini_array_start = .)
 *(SORT_BY_NAME(.fini_array.*))
 *(.fini_array)
                0x08000410                        PROVIDE (__fini_array_end = .)

.flashtext
 *(.flashtext .flashtext.*)

.text           0x08000410     0x2620
 *(.text .text.*)
 .text.HAL_InitTick
                0x08000410       0x4c ./system/src/stm32f4-hal/stm32f4xx_hal.o
                0x08000410                HAL_InitTick
 .text.HAL_Init
                0x0800045c       0x34 ./system/src/stm32f4-hal/stm32f4xx_hal.o
                0x0800045c                HAL_Init
 .text.HAL_IncTick
                0x08000490       0x18 ./system/src/stm32f4-hal/stm32f4xx_hal.o
                0x08000490                HAL_IncTick
 .text.HAL_GetTick
                0x080004a8        0xc ./system/src/stm32f4-hal/stm32f4xx_hal.o
                0x080004a8                HAL_GetTick
 .text.__NVIC_SetPriority
                0x080004b4       0x28 ./system/src/stm32f4-hal/stm32f4xx_hal_cortex.o
 .text.NVIC_EncodePriority
                0x080004dc       0x3e ./system/src/stm32f4-hal/stm32f4xx_hal_cortex.o
 *fill*         0x0800051a        0x2 
 .text.HAL_NVIC_SetPriorityGrouping
                0x0800051c       0x3c ./system/src/stm32f4-hal/stm32f4xx_hal_cortex.o
                0x0800051c                HAL_NVIC_SetPriorityGrouping
 .text.HAL_NVIC_SetPriority
                0x08000558       0x48 ./system/src/stm32f4-hal/stm32f4xx_hal_cortex.o
                0x08000558                HAL_NVIC_SetPriority
 .text.HAL_SYSTICK_Config
                0x080005a0       0x28 ./system/src/stm32f4-hal/stm32f4xx_hal_cortex.o
                0x080005a0                HAL_SYSTICK_Config
 .text.HAL_SYSTICK_CLKSourceConfig
                0x080005c8       0x34 ./system/src/stm32f4-hal/stm32f4xx_hal_cortex.o
                0x080005c8                HAL_SYSTICK_CLKSourceConfig
 .text.HAL_GPIO_Init
                0x080005fc      0x2dc ./system/src/stm32f4-hal/stm32f4xx_hal_gpio.o
                0x080005fc                HAL_GPIO_Init
 .text.HAL_GPIO_WritePin
                0x080008d8       0x38 ./system/src/stm32f4-hal/stm32f4xx_hal_gpio.o
                0x080008d8                HAL_GPIO_WritePin
 .text.HAL_RCC_OscConfig
                0x08000910      0x4f8 ./system/src/stm32f4-hal/stm32f4xx_hal_rcc.o
                0x08000910                HAL_RCC_OscConfig
 .text.HAL_RCC_GetSysClockFreq
                0x08000e08       0xdc ./system/src/stm32f4-hal/stm32f4xx_hal_rcc.o
                0x08000e08                HAL_RCC_GetSysClockFreq
 .text.HAL_RCC_ClockConfig
                0x08000ee4      0x224 ./system/src/stm32f4-hal/stm32f4xx_hal_rcc.o
                0x08000ee4                HAL_RCC_ClockConfig
 .text.HAL_RCC_GetHCLKFreq
                0x08001108        0xc ./system/src/stm32f4-hal/stm32f4xx_hal_rcc.o
                0x08001108                HAL_RCC_GetHCLKFreq
 .text._sbrk    0x08001114       0x44 ./system/src/newlib/sbrk.o
                0x08001114                _sbrk
 .text._exit    0x08001158       0x20 ./system/src/newlib/syscalls.o
                0x08001158                _exit
 .text.initialise_monitor_handles
                0x08001178       0xa8 ./system/src/newlib/syscalls.o
                0x08001178                initialise_monitor_handles
 .text.__initialize_args
                0x08001220       0xc0 ./system/src/newlib/syscalls.o
                0x08001220                __initialize_args
 .text._trace_write_semihosting_debug
                0x080012e0       0x62 ./system/src/diag/trace-impl.o
 .text.trace_write
                0x08001342        0x8 ./system/src/diag/trace-impl.o
                0x08001342                trace_write
 *fill*         0x0800134a        0x2 
 .text.trace_printf
                0x0800134c       0x34 ./system/src/diag/trace.o
                0x0800134c                trace_printf
 .text.trace_puts
                0x08001380       0x20 ./system/src/diag/trace.o
                0x08001380                trace_puts
 .text.__NVIC_SystemReset
                0x080013a0       0x24 ./system/src/cortexm/exception-handlers.o
 .text.dumpExceptionStack
                0x080013c4       0xf4 ./system/src/cortexm/exception-handlers.o
                0x080013c4                dumpExceptionStack
 .text.isSemihosting
                0x080014b8       0xe0 ./system/src/cortexm/exception-handlers.o
                0x080014b8                isSemihosting
 .text.__initialize_hardware_early
                0x08001598       0x18 ./system/src/cortexm/initialize-hardware.o
                0x08001598                __initialize_hardware_early
 .text.SystemInit
                0x080015b0       0x10 ./system/src/cmsis/system_stm32f4xx.o
                0x080015b0                SystemInit
 .text.SystemCoreClockUpdate
                0x080015c0       0xa0 ./system/src/cmsis/system_stm32f4xx.o
                0x080015c0                SystemCoreClockUpdate
 .text.SystemClock_Config
                0x08001660       0xa0 ./src/initialize-hardware.o
                0x08001660                SystemClock_Config
 .text.__initialize_hardware
                0x08001700       0x10 ./src/initialize-hardware.o
                0x08001700                __initialize_hardware
 .text.assert_failed
                0x08001710       0x14 ./src/initialize-hardware.o
                0x08001710                assert_failed
 .text.blink_led_on
                0x08001724       0x14 ./src/led.o
                0x08001724                blink_led_on
 .text.blink_led_off
                0x08001738       0x14 ./src/led.o
                0x08001738                blink_led_off
 .text.blink_led_init
                0x0800174c       0x38 ./src/led.o
                0x0800174c                blink_led_init
 .text.main     0x08001784       0xa8 ./src/main.o
                0x08001784                main
 .text.HAL_MspInit
                0x0800182c        0x2 ./src/stm32f4xx_hal_msp.o
                0x0800182c                HAL_MspInit
 *fill*         0x0800182e        0x2 
 .text.timer_start
                0x08001830       0x38 ./src/timer.o
                0x08001830                timer_start
 .text.timer_sleep
                0x08001868       0x14 ./src/timer.o
                0x08001868                timer_sleep
 .text.timer_tick
                0x0800187c       0x14 ./src/timer.o
                0x0800187c                timer_tick
 .text.SysTick_Handler
                0x08001890        0xc ./src/timer.o
                0x08001890                SysTick_Handler
 .text          0x0800189c       0x30 /home/quangnv/.local/xPacks/@xpack-dev-tools/arm-none-eabi-gcc/12.3.1-1.2.1/.content/bin/../lib/gcc/arm-none-eabi/12.3.1/thumb/v7e-m/nofp/libgcc.a(_aeabi_uldivmod.o)
                0x0800189c                __aeabi_uldivmod
 .text.__udivmoddi4
                0x080018cc      0x2bc /home/quangnv/.local/xPacks/@xpack-dev-tools/arm-none-eabi-gcc/12.3.1-1.2.1/.content/bin/../lib/gcc/arm-none-eabi/12.3.1/thumb/v7e-m/nofp/libgcc.a(_udivmoddi4.o)
                0x080018cc                __udivmoddi4
 .text          0x08001b88        0x4 /home/quangnv/.local/xPacks/@xpack-dev-tools/arm-none-eabi-gcc/12.3.1-1.2.1/.content/bin/../lib/gcc/arm-none-eabi/12.3.1/thumb/v7e-m/nofp/libgcc.a(_dvmd_tls.o)
                0x08001b88                __aeabi_ldiv0
                0x08001b88                __aeabi_idiv0
 .text._vsnprintf_r
                0x08001b8c       0x56 /home/quangnv/.local/xPacks/@xpack-dev-tools/arm-none-eabi-gcc/12.3.1-1.2.1/.content/bin/../lib/gcc/arm-none-eabi/12.3.1/../../../../arm-none-eabi/lib/thumb/v7e-m/nofp/libg_nano.a(libc_a-vsnprintf.o)
                0x08001b8c                _vsnprintf_r
                0x08001b8c                _vsniprintf_r
 *fill*         0x08001be2        0x2 
 .text.vsnprintf
                0x08001be4       0x1c /home/quangnv/.local/xPacks/@xpack-dev-tools/arm-none-eabi-gcc/12.3.1-1.2.1/.content/bin/../lib/gcc/arm-none-eabi/12.3.1/../../../../arm-none-eabi/lib/thumb/v7e-m/nofp/libg_nano.a(libc_a-vsnprintf.o)
                0x08001be4                vsnprintf
                0x08001be4                vsniprintf
 .text.__errno  0x08001c00        0xc /home/quangnv/.local/xPacks/@xpack-dev-tools/arm-none-eabi-gcc/12.3.1-1.2.1/.content/bin/../lib/gcc/arm-none-eabi/12.3.1/../../../../arm-none-eabi/lib/thumb/v7e-m/nofp/libg_nano.a(libc_a-errno.o)
                0x08001c00                __errno
 .text          0x08001c0c       0x14 /home/quangnv/.local/xPacks/@xpack-dev-tools/arm-none-eabi-gcc/12.3.1-1.2.1/.content/bin/../lib/gcc/arm-none-eabi/12.3.1/../../../../arm-none-eabi/lib/thumb/v7e-m/nofp/libg_nano.a(libc_a-strcmp.o)
                0x08001c0c                strcmp
 .text          0x08001c20       0x10 /home/quangnv/.local/xPacks/@xpack-dev-tools/arm-none-eabi-gcc/12.3.1-1.2.1/.content/bin/../lib/gcc/arm-none-eabi/12.3.1/../../../../arm-none-eabi/lib/thumb/v7e-m/nofp/libg_nano.a(libc_a-strlen.o)
                0x08001c20                strlen
 .text.__ssputs_r
                0x08001c30       0xb6 /home/quangnv/.local/xPacks/@xpack-dev-tools/arm-none-eabi-gcc/12.3.1-1.2.1/.content/bin/../lib/gcc/arm-none-eabi/12.3.1/../../../../arm-none-eabi/lib/thumb/v7e-m/nofp/libg_nano.a(libc_a-nano-svfprintf.o)
                0x08001c30                __ssputs_r
 *fill*         0x08001ce6        0x2 
 .text._svfprintf_r
                0x08001ce8      0x1f8 /home/quangnv/.local/xPacks/@xpack-dev-tools/arm-none-eabi-gcc/12.3.1-1.2.1/.content/bin/../lib/gcc/arm-none-eabi/12.3.1/../../../../arm-none-eabi/lib/thumb/v7e-m/nofp/libg_nano.a(libc_a-nano-svfprintf.o)
                0x08001ce8                _svfprintf_r
                0x08001ce8                _svfiprintf_r
 .text._printf_common
                0x08001ee0       0xda /home/quangnv/.local/xPacks/@xpack-dev-tools/arm-none-eabi-gcc/12.3.1-1.2.1/.content/bin/../lib/gcc/arm-none-eabi/12.3.1/../../../../arm-none-eabi/lib/thumb/v7e-m/nofp/libg_nano.a(libc_a-nano-vfprintf_i.o)
                0x08001ee0                _printf_common
 *fill*         0x08001fba        0x2 
 .text._printf_i
                0x08001fbc      0x258 /home/quangnv/.local/xPacks/@xpack-dev-tools/arm-none-eabi-gcc/12.3.1-1.2.1/.content/bin/../lib/gcc/arm-none-eabi/12.3.1/../../../../arm-none-eabi/lib/thumb/v7e-m/nofp/libg_nano.a(libc_a-nano-vfprintf_i.o)
                0x08001fbc                _printf_i
 .text.memmove  0x08002214       0x34 /home/quangnv/.local/xPacks/@xpack-dev-tools/arm-none-eabi-gcc/12.3.1-1.2.1/.content/bin/../lib/gcc/arm-none-eabi/12.3.1/../../../../arm-none-eabi/lib/thumb/v7e-m/nofp/libg_nano.a(libc_a-memmove.o)
                0x08002214                memmove
 *fill*         0x08002248        0x8 
 .text          0x08002250       0xa0 /home/quangnv/.local/xPacks/@xpack-dev-tools/arm-none-eabi-gcc/12.3.1-1.2.1/.content/bin/../lib/gcc/arm-none-eabi/12.3.1/../../../../arm-none-eabi/lib/thumb/v7e-m/nofp/libg_nano.a(libc_a-memchr.o)
                0x08002250                memchr
 .text.memcpy   0x080022f0       0x1c /home/quangnv/.local/xPacks/@xpack-dev-tools/arm-none-eabi-gcc/12.3.1-1.2.1/.content/bin/../lib/gcc/arm-none-eabi/12.3.1/../../../../arm-none-eabi/lib/thumb/v7e-m/nofp/libg_nano.a(libc_a-memcpy-stub.o)
                0x080022f0                memcpy
 .text._free_r  0x0800230c       0x94 /home/quangnv/.local/xPacks/@xpack-dev-tools/arm-none-eabi-gcc/12.3.1-1.2.1/.content/bin/../lib/gcc/arm-none-eabi/12.3.1/../../../../arm-none-eabi/lib/thumb/v7e-m/nofp/libg_nano.a(libc_a-freer.o)
                0x0800230c                _free_r
 .text.sbrk_aligned
                0x080023a0       0x44 /home/quangnv/.local/xPacks/@xpack-dev-tools/arm-none-eabi-gcc/12.3.1-1.2.1/.content/bin/../lib/gcc/arm-none-eabi/12.3.1/../../../../arm-none-eabi/lib/thumb/v7e-m/nofp/libg_nano.a(libc_a-mallocr.o)
 .text._malloc_r
                0x080023e4      0x100 /home/quangnv/.local/xPacks/@xpack-dev-tools/arm-none-eabi-gcc/12.3.1-1.2.1/.content/bin/../lib/gcc/arm-none-eabi/12.3.1/../../../../arm-none-eabi/lib/thumb/v7e-m/nofp/libg_nano.a(libc_a-mallocr.o)
                0x080023e4                _malloc_r
 .text.__malloc_lock
                0x080024e4        0xc /home/quangnv/.local/xPacks/@xpack-dev-tools/arm-none-eabi-gcc/12.3.1-1.2.1/.content/bin/../lib/gcc/arm-none-eabi/12.3.1/../../../../arm-none-eabi/lib/thumb/v7e-m/nofp/libg_nano.a(libc_a-mlock.o)
                0x080024e4                __malloc_lock
 .text.__malloc_unlock
                0x080024f0        0xc /home/quangnv/.local/xPacks/@xpack-dev-tools/arm-none-eabi-gcc/12.3.1-1.2.1/.content/bin/../lib/gcc/arm-none-eabi/12.3.1/../../../../arm-none-eabi/lib/thumb/v7e-m/nofp/libg_nano.a(libc_a-mlock.o)
                0x080024f0                __malloc_unlock
 .text._realloc_r
                0x080024fc       0x5c /home/quangnv/.local/xPacks/@xpack-dev-tools/arm-none-eabi-gcc/12.3.1-1.2.1/.content/bin/../lib/gcc/arm-none-eabi/12.3.1/../../../../arm-none-eabi/lib/thumb/v7e-m/nofp/libg_nano.a(libc_a-reallocr.o)
                0x080024fc                _realloc_r
 .text._sbrk_r  0x08002558       0x20 /home/quangnv/.local/xPacks/@xpack-dev-tools/arm-none-eabi-gcc/12.3.1-1.2.1/.content/bin/../lib/gcc/arm-none-eabi/12.3.1/../../../../arm-none-eabi/lib/thumb/v7e-m/nofp/libg_nano.a(libc_a-sbrkr.o)
                0x08002558                _sbrk_r
 .text.__retarget_lock_acquire_recursive
                0x08002578        0x2 /home/quangnv/.local/xPacks/@xpack-dev-tools/arm-none-eabi-gcc/12.3.1-1.2.1/.content/bin/../lib/gcc/arm-none-eabi/12.3.1/../../../../arm-none-eabi/lib/thumb/v7e-m/nofp/libg_nano.a(libc_a-lock.o)
                0x08002578                __retarget_lock_acquire_recursive
 .text.__retarget_lock_release_recursive
                0x0800257a        0x2 /home/quangnv/.local/xPacks/@xpack-dev-tools/arm-none-eabi-gcc/12.3.1-1.2.1/.content/bin/../lib/gcc/arm-none-eabi/12.3.1/../../../../arm-none-eabi/lib/thumb/v7e-m/nofp/libg_nano.a(libc_a-lock.o)
                0x0800257a                __retarget_lock_release_recursive
 .text._malloc_usable_size_r
                0x0800257c       0x10 /home/quangnv/.local/xPacks/@xpack-dev-tools/arm-none-eabi-gcc/12.3.1-1.2.1/.content/bin/../lib/gcc/arm-none-eabi/12.3.1/../../../../arm-none-eabi/lib/thumb/v7e-m/nofp/libg_nano.a(libc_a-msizer.o)
                0x0800257c                _malloc_usable_size_r
 *(.rodata .rodata.* .constdata .constdata.*)
 .rodata.HAL_NVIC_SetPriorityGrouping.str1.4
                0x0800258c       0x31 ./system/src/stm32f4-hal/stm32f4xx_hal_cortex.o
 *fill*         0x080025bd        0x3 
 .rodata.HAL_GPIO_Init.str1.4
                0x080025c0       0x2f ./system/src/stm32f4-hal/stm32f4xx_hal_gpio.o
 *fill*         0x080025ef        0x1 
 .rodata.HAL_RCC_OscConfig.str1.4
                0x080025f0       0x2e ./system/src/stm32f4-hal/stm32f4xx_hal_rcc.o
 *fill*         0x0800261e        0x2 
 .rodata.initialise_monitor_handles.str1.4
                0x08002620        0x4 ./system/src/newlib/syscalls.o
 .rodata.trace_puts.str1.4
                0x08002624        0x4 ./system/src/diag/trace.o
                                  0x2 (size before relaxing)
 .rodata.dumpExceptionStack.str1.4
                0x08002624      0x11a ./system/src/cortexm/exception-handlers.o
 .rodata.isSemihosting.str1.4
                0x0800273e        0x4 ./system/src/cortexm/exception-handlers.o
 *fill*         0x0800273e        0x2 
 .rodata.str1.4
                0x08002740       0x2a ./system/src/cortexm/exception-handlers.o
 *fill*         0x0800276a        0x2 
 .rodata.AHBPrescTable
                0x0800276c       0x10 ./system/src/cmsis/system_stm32f4xx.o
                0x0800276c                AHBPrescTable
 .rodata.assert_failed.str1.4
                0x0800277c       0x2d ./src/initialize-hardware.o
 *fill*         0x080027a9        0x3 
 .rodata.main.str1.4
                0x080027ac       0xd5 ./src/main.o
 .rodata._ctype_
                0x08002881      0x101 /home/quangnv/.local/xPacks/@xpack-dev-tools/arm-none-eabi-gcc/12.3.1-1.2.1/.content/bin/../lib/gcc/arm-none-eabi/12.3.1/../../../../arm-none-eabi/lib/thumb/v7e-m/nofp/libg_nano.a(libc_a-ctype_.o)
                0x08002881                _ctype_
 .rodata._svfprintf_r.str1.1
                0x08002982       0x11 /home/quangnv/.local/xPacks/@xpack-dev-tools/arm-none-eabi-gcc/12.3.1-1.2.1/.content/bin/../lib/gcc/arm-none-eabi/12.3.1/../../../../arm-none-eabi/lib/thumb/v7e-m/nofp/libg_nano.a(libc_a-nano-svfprintf.o)
 .rodata._printf_i.str1.1
                0x08002993       0x22 /home/quangnv/.local/xPacks/@xpack-dev-tools/arm-none-eabi-gcc/12.3.1-1.2.1/.content/bin/../lib/gcc/arm-none-eabi/12.3.1/../../../../arm-none-eabi/lib/thumb/v7e-m/nofp/libg_nano.a(libc_a-nano-vfprintf_i.o)
 *(vtable)
 *(.eh_frame*)
 *fill*         0x080029b5        0x3 
 .eh_frame      0x080029b8       0x28 /home/quangnv/.local/xPacks/@xpack-dev-tools/arm-none-eabi-gcc/12.3.1-1.2.1/.content/bin/../lib/gcc/arm-none-eabi/12.3.1/../../../../arm-none-eabi/lib/thumb/v7e-m/nofp/libg_nano.a(libc_a-strlen.o)
 .eh_frame      0x080029e0       0x50 /home/quangnv/.local/xPacks/@xpack-dev-tools/arm-none-eabi-gcc/12.3.1-1.2.1/.content/bin/../lib/gcc/arm-none-eabi/12.3.1/../../../../arm-none-eabi/lib/thumb/v7e-m/nofp/libg_nano.a(libc_a-memchr.o)
 *(.glue_7)
 .glue_7        0x08002a30        0x0 linker stubs
 *(.glue_7t)
 .glue_7t       0x08002a30        0x0 linker stubs

.vfp11_veneer   0x08002a30        0x0
 .vfp11_veneer  0x08002a30        0x0 linker stubs

.v4_bx          0x08002a30        0x0
 .v4_bx         0x08002a30        0x0 linker stubs

.iplt           0x08002a30        0x0
 .iplt          0x08002a30        0x0 ./system/src/stm32f4-hal/stm32f4xx_hal.o

.ARM.extab
 *(.ARM.extab* .gnu.linkonce.armextab.*)
                0x08002a30                        . = ALIGN (0x4)
                0x08002a30                        __exidx_start = .

.ARM.exidx      0x08002a30        0x8
 *(.ARM.exidx* .gnu.linkonce.armexidx.*)
 .ARM.exidx.text.__udivmoddi4
                0x08002a30        0x8 /home/quangnv/.local/xPacks/@xpack-dev-tools/arm-none-eabi-gcc/12.3.1-1.2.1/.content/bin/../lib/gcc/arm-none-eabi/12.3.1/thumb/v7e-m/nofp/libgcc.a(_udivmoddi4.o)
 .ARM.exidx     0x08002a38        0x0 /home/quangnv/.local/xPacks/@xpack-dev-tools/arm-none-eabi-gcc/12.3.1-1.2.1/.content/bin/../lib/gcc/arm-none-eabi/12.3.1/../../../../arm-none-eabi/lib/thumb/v7e-m/nofp/libg_nano.a(libc_a-strcmp.o)
                                  0x8 (size before relaxing)
 .ARM.exidx     0x08002a38        0x0 /home/quangnv/.local/xPacks/@xpack-dev-tools/arm-none-eabi-gcc/12.3.1-1.2.1/.content/bin/../lib/gcc/arm-none-eabi/12.3.1/../../../../arm-none-eabi/lib/thumb/v7e-m/nofp/libg_nano.a(libc_a-strlen.o)
                                  0x8 (size before relaxing)
 .ARM.exidx     0x08002a38        0x0 /home/quangnv/.local/xPacks/@xpack-dev-tools/arm-none-eabi-gcc/12.3.1-1.2.1/.content/bin/../lib/gcc/arm-none-eabi/12.3.1/../../../../arm-none-eabi/lib/thumb/v7e-m/nofp/libg_nano.a(libc_a-memchr.o)
                                  0x8 (size before relaxing)
                0x08002a38                        __exidx_end = .

.rel.dyn        0x08002a38        0x0
 .rel.iplt      0x08002a38        0x0 ./system/src/stm32f4-hal/stm32f4xx_hal.o
                0x08002a38                        . = ALIGN (0x4)
                0x08002a38                        _etext = .
                0x08002a38                        __etext = .

.data_CCMRAM    0x10000000        0x0 load address 0x08002a38
 FILL mask 0xff
 *(.data.CCMRAM .data.CCMRAM.*)
                0x10000000                        . = ALIGN (0x4)
                0x08002a38                        _sidata = LOADADDR (.data)

.data           0x20000000       0x88 load address 0x08002a38
 FILL mask 0xff
                0x20000000                        _sdata = .
                0x20000000                        __data_start__ = .
 *(.data_begin .data_begin.*)
 .data_begin    0x20000000        0x4 ./system/src/newlib/startup.o
 *(.data .data.*)
 .data.uwTickFreq
                0x20000004        0x1 ./system/src/stm32f4-hal/stm32f4xx_hal.o
                0x20000004                uwTickFreq
 *fill*         0x20000005        0x3 ff
 .data.uwTickPrio
                0x20000008        0x4 ./system/src/stm32f4-hal/stm32f4xx_hal.o
                0x20000008                uwTickPrio
 .data.SystemCoreClock
                0x2000000c        0x4 ./system/src/cmsis/system_stm32f4xx.o
                0x2000000c                SystemCoreClock
 .data.temperature
                0x20000010       0x24 ./src/main.o
                0x20000010                temperature
 .data._impure_ptr
                0x20000034        0x4 /home/quangnv/.local/xPacks/@xpack-dev-tools/arm-none-eabi-gcc/12.3.1-1.2.1/.content/bin/../lib/gcc/arm-none-eabi/12.3.1/../../../../arm-none-eabi/lib/thumb/v7e-m/nofp/libg_nano.a(libc_a-impure.o)
                0x20000034                _impure_ptr
 .data._impure_data
                0x20000038       0x4c /home/quangnv/.local/xPacks/@xpack-dev-tools/arm-none-eabi-gcc/12.3.1-1.2.1/.content/bin/../lib/gcc/arm-none-eabi/12.3.1/../../../../arm-none-eabi/lib/thumb/v7e-m/nofp/libg_nano.a(libc_a-impure.o)
                0x20000038                _impure_data
 *(.data_end .data_end.*)
 .data_end      0x20000084        0x4 ./system/src/newlib/startup.o
                0x20000088                        . = ALIGN (0x4)
                0x20000088                        _edata = .
                0x20000088                        __data_end__ = .

.igot.plt       0x20000088        0x0 load address 0x08002ac0
 .igot.plt      0x20000088        0x0 ./system/src/stm32f4-hal/stm32f4xx_hal.o

.bss_CCMRAM     0x10000000        0x0
 *(.bss.CCMRAM .bss.CCMRAM.*)

.bss            0x20000088      0x1c8
                0x20000088                        __bss_start__ = .
                0x20000088                        _sbss = .
 *(.bss_begin .bss_begin.*)
 .bss_begin     0x20000088        0x4 ./system/src/newlib/startup.o
 *(.bss .bss.*)
 .bss.uwTick    0x2000008c        0x4 ./system/src/stm32f4-hal/stm32f4xx_hal.o
                0x2000008c                uwTick
 .bss.current_heap_end.0
                0x20000090        0x4 ./system/src/newlib/sbrk.o
 .bss.argv_buf.0
                0x20000094       0x28 ./system/src/newlib/syscalls.o
 .bss.args_buf.1
                0x200000bc       0x50 ./system/src/newlib/syscalls.o
 .bss.monitor_stderr
                0x2000010c        0x4 ./system/src/newlib/syscalls.o
 .bss.monitor_stdout
                0x20000110        0x4 ./system/src/newlib/syscalls.o
 .bss.monitor_stdin
                0x20000114        0x4 ./system/src/newlib/syscalls.o
 .bss.openfiles
                0x20000118       0xa0 ./system/src/newlib/syscalls.o
 .bss.errno     0x200001b8        0x4 ./system/src/newlib/syscalls.o
                0x200001b8                errno
 .bss.buf.0     0x200001bc       0x80 ./system/src/diag/trace.o
 .bss.timer_delayCount
                0x2000023c        0x4 ./src/timer.o
                0x2000023c                timer_delayCount
 .bss.__malloc_sbrk_start
                0x20000240        0x4 /home/quangnv/.local/xPacks/@xpack-dev-tools/arm-none-eabi-gcc/12.3.1-1.2.1/.content/bin/../lib/gcc/arm-none-eabi/12.3.1/../../../../arm-none-eabi/lib/thumb/v7e-m/nofp/libg_nano.a(libc_a-mallocr.o)
                0x20000240                __malloc_sbrk_start
 .bss.__malloc_free_list
                0x20000244        0x4 /home/quangnv/.local/xPacks/@xpack-dev-tools/arm-none-eabi-gcc/12.3.1-1.2.1/.content/bin/../lib/gcc/arm-none-eabi/12.3.1/../../../../arm-none-eabi/lib/thumb/v7e-m/nofp/libg_nano.a(libc_a-mallocr.o)
                0x20000244                __malloc_free_list
 .bss.__lock___malloc_recursive_mutex
                0x20000248        0x1 /home/quangnv/.local/xPacks/@xpack-dev-tools/arm-none-eabi-gcc/12.3.1-1.2.1/.content/bin/../lib/gcc/arm-none-eabi/12.3.1/../../../../arm-none-eabi/lib/thumb/v7e-m/nofp/libg_nano.a(libc_a-lock.o)
                0x20000248                __lock___malloc_recursive_mutex
 *(COMMON)
 *(.bss_end .bss_end.*)
 *fill*         0x20000249        0x3 
 .bss_end       0x2000024c        0x4 ./system/src/newlib/startup.o
                0x20000250                        . = ALIGN (0x4)
                0x20000250                        __bss_end__ = .
                0x20000250                        _ebss = .

.noinit_CCMRAM
 *(.noinit.CCMRAM .noinit.CCMRAM.*)

.noinit         0x20000250        0x0
                0x20000250                        _noinit = .
 *(.noinit .noinit.*)
                0x20000250                        . = ALIGN (0x4)
                0x20000250                        _end_noinit = .
                [!provide]                        PROVIDE (end = _end_noinit)
                [!provide]                        PROVIDE (_end = _end_noinit)
                [!provide]                        PROVIDE (__end = _end_noinit)
                [!provide]                        PROVIDE (__end__ = _end_noinit)

._check_stack   0x20000250      0x100
                0x20000350                        . = (. + _Minimum_Stack_Size)
 *fill*         0x20000250      0x100 

.b1text
 *(.b1text)
 *(.b1rodata)
 *(.b1rodata.*)

.eb0text
 *(.eb0text)
 *(.eb0rodata)
 *(.eb0rodata.*)

.eb1text
 *(.eb1text)
 *(.eb1rodata)
 *(.eb1rodata.*)

.eb2text
 *(.eb2text)
 *(.eb2rodata)
 *(.eb2rodata.*)

.eb3text
 *(.eb3text)
 *(.eb3rodata)
 *(.eb3rodata.*)

.stab
 *(.stab)

.stabstr
 *(.stabstr)

.stab.excl
 *(.stab.excl)

.stab.exclstr
 *(.stab.exclstr)

.stab.index
 *(.stab.index)

.stab.indexstr
 *(.stab.indexstr)

.comment        0x00000000       0x39
 *(.comment)
 .comment       0x00000000       0x39 ./system/src/stm32f4-hal/stm32f4xx_hal.o
                                 0x3a (size before relaxing)
 .comment       0x00000039       0x3a ./system/src/stm32f4-hal/stm32f4xx_hal_cortex.o
 .comment       0x00000039       0x3a ./system/src/stm32f4-hal/stm32f4xx_hal_gpio.o
 .comment       0x00000039       0x3a ./system/src/stm32f4-hal/stm32f4xx_hal_rcc.o
 .comment       0x00000039       0x3a ./system/src/newlib/sbrk.o
 .comment       0x00000039       0x3a ./system/src/newlib/startup.o
 .comment       0x00000039       0x3a ./system/src/newlib/syscalls.o
 .comment       0x00000039       0x3a ./system/src/diag/trace-impl.o
 .comment       0x00000039       0x3a ./system/src/diag/trace.o
 .comment       0x00000039       0x3a ./system/src/cortexm/exception-handlers.o
 .comment       0x00000039       0x3a ./system/src/cortexm/initialize-hardware.o
 .comment       0x00000039       0x3a ./system/src/cmsis/system_stm32f4xx.o
 .comment       0x00000039       0x3a ./system/src/cmsis/vectors_stm32f407xx.o
 .comment       0x00000039       0x3a ./src/initialize-hardware.o
 .comment       0x00000039       0x3a ./src/led.o
 .comment       0x00000039       0x3a ./src/main.o
 .comment       0x00000039       0x3a ./src/stm32f4xx_hal_msp.o
 .comment       0x00000039       0x3a ./src/timer.o
 .comment       0x00000039       0x3a /home/quangnv/.local/xPacks/@xpack-dev-tools/arm-none-eabi-gcc/12.3.1-1.2.1/.content/bin/../lib/gcc/arm-none-eabi/12.3.1/thumb/v7e-m/nofp/libgcc.a(_udivmoddi4.o)
 .comment       0x00000039       0x3a /home/quangnv/.local/xPacks/@xpack-dev-tools/arm-none-eabi-gcc/12.3.1-1.2.1/.content/bin/../lib/gcc/arm-none-eabi/12.3.1/../../../../arm-none-eabi/lib/thumb/v7e-m/nofp/libg_nano.a(libc_a-ctype_.o)
 .comment       0x00000039       0x3a /home/quangnv/.local/xPacks/@xpack-dev-tools/arm-none-eabi-gcc/12.3.1-1.2.1/.content/bin/../lib/gcc/arm-none-eabi/12.3.1/../../../../arm-none-eabi/lib/thumb/v7e-m/nofp/libg_nano.a(libc_a-vsnprintf.o)
 .comment       0x00000039       0x3a /home/quangnv/.local/xPacks/@xpack-dev-tools/arm-none-eabi-gcc/12.3.1-1.2.1/.content/bin/../lib/gcc/arm-none-eabi/12.3.1/../../../../arm-none-eabi/lib/thumb/v7e-m/nofp/libg_nano.a(libc_a-impure.o)
 .comment       0x00000039       0x3a /home/quangnv/.local/xPacks/@xpack-dev-tools/arm-none-eabi-gcc/12.3.1-1.2.1/.content/bin/../lib/gcc/arm-none-eabi/12.3.1/../../../../arm-none-eabi/lib/thumb/v7e-m/nofp/libg_nano.a(libc_a-errno.o)
 .comment       0x00000039       0x3a /home/quangnv/.local/xPacks/@xpack-dev-tools/arm-none-eabi-gcc/12.3.1-1.2.1/.content/bin/../lib/gcc/arm-none-eabi/12.3.1/../../../../arm-none-eabi/lib/thumb/v7e-m/nofp/libg_nano.a(libc_a-nano-svfprintf.o)
 .comment       0x00000039       0x3a /home/quangnv/.local/xPacks/@xpack-dev-tools/arm-none-eabi-gcc/12.3.1-1.2.1/.content/bin/../lib/gcc/arm-none-eabi/12.3.1/../../../../arm-none-eabi/lib/thumb/v7e-m/nofp/libg_nano.a(libc_a-nano-vfprintf_i.o)
 .comment       0x00000039       0x3a /home/quangnv/.local/xPacks/@xpack-dev-tools/arm-none-eabi-gcc/12.3.1-1.2.1/.content/bin/../lib/gcc/arm-none-eabi/12.3.1/../../../../arm-none-eabi/lib/thumb/v7e-m/nofp/libg_nano.a(libc_a-memmove.o)
 .comment       0x00000039       0x3a /home/quangnv/.local/xPacks/@xpack-dev-tools/arm-none-eabi-gcc/12.3.1-1.2.1/.content/bin/../lib/gcc/arm-none-eabi/12.3.1/../../../../arm-none-eabi/lib/thumb/v7e-m/nofp/libg_nano.a(libc_a-memcpy-stub.o)
 .comment       0x00000039       0x3a /home/quangnv/.local/xPacks/@xpack-dev-tools/arm-none-eabi-gcc/12.3.1-1.2.1/.content/bin/../lib/gcc/arm-none-eabi/12.3.1/../../../../arm-none-eabi/lib/thumb/v7e-m/nofp/libg_nano.a(libc_a-freer.o)
 .comment       0x00000039       0x3a /home/quangnv/.local/xPacks/@xpack-dev-tools/arm-none-eabi-gcc/12.3.1-1.2.1/.content/bin/../lib/gcc/arm-none-eabi/12.3.1/../../../../arm-none-eabi/lib/thumb/v7e-m/nofp/libg_nano.a(libc_a-mallocr.o)
 .comment       0x00000039       0x3a /home/quangnv/.local/xPacks/@xpack-dev-tools/arm-none-eabi-gcc/12.3.1-1.2.1/.content/bin/../lib/gcc/arm-none-eabi/12.3.1/../../../../arm-none-eabi/lib/thumb/v7e-m/nofp/libg_nano.a(libc_a-mlock.o)
 .comment       0x00000039       0x3a /home/quangnv/.local/xPacks/@xpack-dev-tools/arm-none-eabi-gcc/12.3.1-1.2.1/.content/bin/../lib/gcc/arm-none-eabi/12.3.1/../../../../arm-none-eabi/lib/thumb/v7e-m/nofp/libg_nano.a(libc_a-reallocr.o)
 .comment       0x00000039       0x3a /home/quangnv/.local/xPacks/@xpack-dev-tools/arm-none-eabi-gcc/12.3.1-1.2.1/.content/bin/../lib/gcc/arm-none-eabi/12.3.1/../../../../arm-none-eabi/lib/thumb/v7e-m/nofp/libg_nano.a(libc_a-sbrkr.o)
 .comment       0x00000039       0x3a /home/quangnv/.local/xPacks/@xpack-dev-tools/arm-none-eabi-gcc/12.3.1-1.2.1/.content/bin/../lib/gcc/arm-none-eabi/12.3.1/../../../../arm-none-eabi/lib/thumb/v7e-m/nofp/libg_nano.a(libc_a-lock.o)
 .comment       0x00000039       0x3a /home/quangnv/.local/xPacks/@xpack-dev-tools/arm-none-eabi-gcc/12.3.1-1.2.1/.content/bin/../lib/gcc/arm-none-eabi/12.3.1/../../../../arm-none-eabi/lib/thumb/v7e-m/nofp/libg_nano.a(libc_a-msizer.o)

.ARM.attributes
                0x00000000       0x2c
 .ARM.attributes
                0x00000000       0x2e ./system/src/stm32f4-hal/stm32f4xx_hal.o
 .ARM.attributes
                0x0000002e       0x2e ./system/src/stm32f4-hal/stm32f4xx_hal_cortex.o
 .ARM.attributes
                0x0000005c       0x2e ./system/src/stm32f4-hal/stm32f4xx_hal_gpio.o
 .ARM.attributes
                0x0000008a       0x2e ./system/src/stm32f4-hal/stm32f4xx_hal_rcc.o
 .ARM.attributes
                0x000000b8       0x2e ./system/src/newlib/sbrk.o
 .ARM.attributes
                0x000000e6       0x2e ./system/src/newlib/startup.o
 .ARM.attributes
                0x00000114       0x2e ./system/src/newlib/syscalls.o
 .ARM.attributes
                0x00000142       0x2e ./system/src/diag/trace-impl.o
 .ARM.attributes
                0x00000170       0x2e ./system/src/diag/trace.o
 .ARM.attributes
                0x0000019e       0x2e ./system/src/cortexm/exception-handlers.o
 .ARM.attributes
                0x000001cc       0x2e ./system/src/cortexm/initialize-hardware.o
 .ARM.attributes
                0x000001fa       0x2e ./system/src/cmsis/system_stm32f4xx.o
 .ARM.attributes
                0x00000228       0x2e ./system/src/cmsis/vectors_stm32f407xx.o
 .ARM.attributes
                0x00000256       0x2e ./src/initialize-hardware.o
 .ARM.attributes
                0x00000284       0x2e ./src/led.o
 .ARM.attributes
                0x000002b2       0x2e ./src/main.o
 .ARM.attributes
                0x000002e0       0x2e ./src/stm32f4xx_hal_msp.o
 .ARM.attributes
                0x0000030e       0x2e ./src/timer.o
 .ARM.attributes
                0x0000033c       0x1e /home/quangnv/.local/xPacks/@xpack-dev-tools/arm-none-eabi-gcc/12.3.1-1.2.1/.content/bin/../lib/gcc/arm-none-eabi/12.3.1/thumb/v7e-m/nofp/libgcc.a(_aeabi_uldivmod.o)
 .ARM.attributes
                0x0000035a       0x2e /home/quangnv/.local/xPacks/@xpack-dev-tools/arm-none-eabi-gcc/12.3.1-1.2.1/.content/bin/../lib/gcc/arm-none-eabi/12.3.1/thumb/v7e-m/nofp/libgcc.a(_udivmoddi4.o)
 .ARM.attributes
                0x00000388       0x1e /home/quangnv/.local/xPacks/@xpack-dev-tools/arm-none-eabi-gcc/12.3.1-1.2.1/.content/bin/../lib/gcc/arm-none-eabi/12.3.1/thumb/v7e-m/nofp/libgcc.a(_dvmd_tls.o)
 .ARM.attributes
                0x000003a6       0x2e /home/quangnv/.local/xPacks/@xpack-dev-tools/arm-none-eabi-gcc/12.3.1-1.2.1/.content/bin/../lib/gcc/arm-none-eabi/12.3.1/../../../../arm-none-eabi/lib/thumb/v7e-m/nofp/libg_nano.a(libc_a-ctype_.o)
 .ARM.attributes
                0x000003d4       0x2e /home/quangnv/.local/xPacks/@xpack-dev-tools/arm-none-eabi-gcc/12.3.1-1.2.1/.content/bin/../lib/gcc/arm-none-eabi/12.3.1/../../../../arm-none-eabi/lib/thumb/v7e-m/nofp/libg_nano.a(libc_a-vsnprintf.o)
 .ARM.attributes
                0x00000402       0x2e /home/quangnv/.local/xPacks/@xpack-dev-tools/arm-none-eabi-gcc/12.3.1-1.2.1/.content/bin/../lib/gcc/arm-none-eabi/12.3.1/../../../../arm-none-eabi/lib/thumb/v7e-m/nofp/libg_nano.a(libc_a-impure.o)
 .ARM.attributes
                0x00000430       0x2e /home/quangnv/.local/xPacks/@xpack-dev-tools/arm-none-eabi-gcc/12.3.1-1.2.1/.content/bin/../lib/gcc/arm-none-eabi/12.3.1/../../../../arm-none-eabi/lib/thumb/v7e-m/nofp/libg_nano.a(libc_a-errno.o)
 .ARM.attributes
                0x0000045e       0x1c /home/quangnv/.local/xPacks/@xpack-dev-tools/arm-none-eabi-gcc/12.3.1-1.2.1/.content/bin/../lib/gcc/arm-none-eabi/12.3.1/../../../../arm-none-eabi/lib/thumb/v7e-m/nofp/libg_nano.a(libc_a-strcmp.o)
 .ARM.attributes
                0x0000047a       0x17 /home/quangnv/.local/xPacks/@xpack-dev-tools/arm-none-eabi-gcc/12.3.1-1.2.1/.content/bin/../lib/gcc/arm-none-eabi/12.3.1/../../../../arm-none-eabi/lib/thumb/v7e-m/nofp/libg_nano.a(libc_a-strlen.o)
 .ARM.attributes
                0x00000491       0x2e /home/quangnv/.local/xPacks/@xpack-dev-tools/arm-none-eabi-gcc/12.3.1-1.2.1/.content/bin/../lib/gcc/arm-none-eabi/12.3.1/../../../../arm-none-eabi/lib/thumb/v7e-m/nofp/libg_nano.a(libc_a-nano-svfprintf.o)
 .ARM.attributes
                0x000004bf       0x2e /home/quangnv/.local/xPacks/@xpack-dev-tools/arm-none-eabi-gcc/12.3.1-1.2.1/.content/bin/../lib/gcc/arm-none-eabi/12.3.1/../../../../arm-none-eabi/lib/thumb/v7e-m/nofp/libg_nano.a(libc_a-nano-vfprintf_i.o)
 .ARM.attributes
                0x000004ed       0x2e /home/quangnv/.local/xPacks/@xpack-dev-tools/arm-none-eabi-gcc/12.3.1-1.2.1/.content/bin/../lib/gcc/arm-none-eabi/12.3.1/../../../../arm-none-eabi/lib/thumb/v7e-m/nofp/libg_nano.a(libc_a-memmove.o)
 .ARM.attributes
                0x0000051b       0x1c /home/quangnv/.local/xPacks/@xpack-dev-tools/arm-none-eabi-gcc/12.3.1-1.2.1/.content/bin/../lib/gcc/arm-none-eabi/12.3.1/../../../../arm-none-eabi/lib/thumb/v7e-m/nofp/libg_nano.a(libc_a-memchr.o)
 .ARM.attributes
                0x00000537       0x2e /home/quangnv/.local/xPacks/@xpack-dev-tools/arm-none-eabi-gcc/12.3.1-1.2.1/.content/bin/../lib/gcc/arm-none-eabi/12.3.1/../../../../arm-none-eabi/lib/thumb/v7e-m/nofp/libg_nano.a(libc_a-memcpy-stub.o)
 .ARM.attributes
                0x00000565       0x2e /home/quangnv/.local/xPacks/@xpack-dev-tools/arm-none-eabi-gcc/12.3.1-1.2.1/.content/bin/../lib/gcc/arm-none-eabi/12.3.1/../../../../arm-none-eabi/lib/thumb/v7e-m/nofp/libg_nano.a(libc_a-freer.o)
 .ARM.attributes
                0x00000593       0x2e /home/quangnv/.local/xPacks/@xpack-dev-tools/arm-none-eabi-gcc/12.3.1-1.2.1/.content/bin/../lib/gcc/arm-none-eabi/12.3.1/../../../../arm-none-eabi/lib/thumb/v7e-m/nofp/libg_nano.a(libc_a-mallocr.o)
 .ARM.attributes
                0x000005c1       0x2e /home/quangnv/.local/xPacks/@xpack-dev-tools/arm-none-eabi-gcc/12.3.1-1.2.1/.content/bin/../lib/gcc/arm-none-eabi/12.3.1/../../../../arm-none-eabi/lib/thumb/v7e-m/nofp/libg_nano.a(libc_a-mlock.o)
 .ARM.attributes
                0x000005ef       0x2e /home/quangnv/.local/xPacks/@xpack-dev-tools/arm-none-eabi-gcc/12.3.1-1.2.1/.content/bin/../lib/gcc/arm-none-eabi/12.3.1/../../../../arm-none-eabi/lib/thumb/v7e-m/nofp/libg_nano.a(libc_a-reallocr.o)
 .ARM.attributes
                0x0000061d       0x2e /home/quangnv/.local/xPacks/@xpack-dev-tools/arm-none-eabi-gcc/12.3.1-1.2.1/.content/bin/../lib/gcc/arm-none-eabi/12.3.1/../../../../arm-none-eabi/lib/thumb/v7e-m/nofp/libg_nano.a(libc_a-sbrkr.o)
 .ARM.attributes
                0x0000064b       0x2e /home/quangnv/.local/xPacks/@xpack-dev-tools/arm-none-eabi-gcc/12.3.1-1.2.1/.content/bin/../lib/gcc/arm-none-eabi/12.3.1/../../../../arm-none-eabi/lib/thumb/v7e-m/nofp/libg_nano.a(libc_a-lock.o)
 .ARM.attributes
                0x00000679       0x2e /home/quangnv/.local/xPacks/@xpack-dev-tools/arm-none-eabi-gcc/12.3.1-1.2.1/.content/bin/../lib/gcc/arm-none-eabi/12.3.1/../../../../arm-none-eabi/lib/thumb/v7e-m/nofp/libg_nano.a(libc_a-msizer.o)

.debug
 *(.debug)

.line
 *(.line)

.debug_srcinfo
 *(.debug_srcinfo)

.debug_sfnames
 *(.debug_sfnames)

.debug_aranges  0x00000000      0x688
 *(.debug_aranges)
 .debug_aranges
                0x00000000       0xf0 ./system/src/stm32f4-hal/stm32f4xx_hal.o
 .debug_aranges
                0x000000f0       0xd8 ./system/src/stm32f4-hal/stm32f4xx_hal_cortex.o
 .debug_aranges
                0x000001c8       0x58 ./system/src/stm32f4-hal/stm32f4xx_hal_gpio.o
 .debug_aranges
                0x00000220       0x88 ./system/src/stm32f4-hal/stm32f4xx_hal_rcc.o
 .debug_aranges
                0x000002a8       0x20 ./system/src/newlib/sbrk.o
 .debug_aranges
                0x000002c8       0x40 ./system/src/newlib/startup.o
 .debug_aranges
                0x00000308      0x120 ./system/src/newlib/syscalls.o
 .debug_aranges
                0x00000428       0x30 ./system/src/diag/trace-impl.o
 .debug_aranges
                0x00000458       0x38 ./system/src/diag/trace.o
 .debug_aranges
                0x00000490       0x98 ./system/src/cortexm/exception-handlers.o
 .debug_aranges
                0x00000528       0x28 ./system/src/cortexm/initialize-hardware.o
 .debug_aranges
                0x00000550       0x28 ./system/src/cmsis/system_stm32f4xx.o
 .debug_aranges
                0x00000578       0x20 ./system/src/cmsis/vectors_stm32f407xx.o
 .debug_aranges
                0x00000598       0x30 ./src/initialize-hardware.o
 .debug_aranges
                0x000005c8       0x30 ./src/led.o
 .debug_aranges
                0x000005f8       0x20 ./src/main.o
 .debug_aranges
                0x00000618       0x38 ./src/stm32f4xx_hal_msp.o
 .debug_aranges
                0x00000650       0x38 ./src/timer.o

.debug_pubnames
 *(.debug_pubnames)

.debug_info     0x00000000     0x7fac
 *(.debug_info .gnu.linkonce.wi.*)
 .debug_info    0x00000000      0xa42 ./system/src/stm32f4-hal/stm32f4xx_hal.o
 .debug_info    0x00000a42     0x1220 ./system/src/stm32f4-hal/stm32f4xx_hal_cortex.o
 .debug_info    0x00001c62      0x899 ./system/src/stm32f4-hal/stm32f4xx_hal_gpio.o
 .debug_info    0x000024fb      0xd1e ./system/src/stm32f4-hal/stm32f4xx_hal_rcc.o
 .debug_info    0x00003219      0x10f ./system/src/newlib/sbrk.o
 .debug_info    0x00003328      0x55b ./system/src/newlib/startup.o
 .debug_info    0x00003883     0x19ea ./system/src/newlib/syscalls.o
 .debug_info    0x0000526d      0x319 ./system/src/diag/trace-impl.o
 .debug_info    0x00005586      0x341 ./system/src/diag/trace.o
 .debug_info    0x000058c7      0x9fa ./system/src/cortexm/exception-handlers.o
 .debug_info    0x000062c1      0x292 ./system/src/cortexm/initialize-hardware.o
 .debug_info    0x00006553      0x52b ./system/src/cmsis/system_stm32f4xx.o
 .debug_info    0x00006a7e      0x10b ./system/src/cmsis/vectors_stm32f407xx.o
 .debug_info    0x00006b89      0x5a8 ./src/initialize-hardware.o
 .debug_info    0x00007131      0x42c ./src/led.o
 .debug_info    0x0000755d      0x26f ./src/main.o
 .debug_info    0x000077cc       0xb8 ./src/stm32f4xx_hal_msp.o
 .debug_info    0x00007884      0x728 ./src/timer.o

.debug_abbrev   0x00000000     0x226b
 *(.debug_abbrev)
 .debug_abbrev  0x00000000      0x248 ./system/src/stm32f4-hal/stm32f4xx_hal.o
 .debug_abbrev  0x00000248      0x400 ./system/src/stm32f4-hal/stm32f4xx_hal_cortex.o
 .debug_abbrev  0x00000648      0x23f ./system/src/stm32f4-hal/stm32f4xx_hal_gpio.o
 .debug_abbrev  0x00000887      0x2dd ./system/src/stm32f4-hal/stm32f4xx_hal_rcc.o
 .debug_abbrev  0x00000b64       0xcc ./system/src/newlib/sbrk.o
 .debug_abbrev  0x00000c30      0x25a ./system/src/newlib/startup.o
 .debug_abbrev  0x00000e8a      0x3ce ./system/src/newlib/syscalls.o
 .debug_abbrev  0x00001258      0x1e6 ./system/src/diag/trace-impl.o
 .debug_abbrev  0x0000143e      0x17d ./system/src/diag/trace.o
 .debug_abbrev  0x000015bb      0x2c4 ./system/src/cortexm/exception-handlers.o
 .debug_abbrev  0x0000187f      0x104 ./system/src/cortexm/initialize-hardware.o
 .debug_abbrev  0x00001983      0x120 ./system/src/cmsis/system_stm32f4xx.o
 .debug_abbrev  0x00001aa3       0xb8 ./system/src/cmsis/vectors_stm32f407xx.o
 .debug_abbrev  0x00001b5b      0x216 ./src/initialize-hardware.o
 .debug_abbrev  0x00001d71      0x180 ./src/led.o
 .debug_abbrev  0x00001ef1      0x13d ./src/main.o
 .debug_abbrev  0x0000202e       0x47 ./src/stm32f4xx_hal_msp.o
 .debug_abbrev  0x00002075      0x1f6 ./src/timer.o

.debug_line     0x00000000     0xcec7
 *(.debug_line)
 .debug_line    0x00000000      0xd78 ./system/src/stm32f4-hal/stm32f4xx_hal.o
 .debug_line    0x00000d78     0x11f8 ./system/src/stm32f4-hal/stm32f4xx_hal_cortex.o
 .debug_line    0x00001f70     0x1015 ./system/src/stm32f4-hal/stm32f4xx_hal_gpio.o
 .debug_line    0x00002f85     0x141e ./system/src/stm32f4-hal/stm32f4xx_hal_rcc.o
 .debug_line    0x000043a3      0x3cf ./system/src/newlib/sbrk.o
 .debug_line    0x00004772      0x662 ./system/src/newlib/startup.o
 .debug_line    0x00004dd4     0x1156 ./system/src/newlib/syscalls.o
 .debug_line    0x00005f2a      0xc26 ./system/src/diag/trace-impl.o
 .debug_line    0x00006b50      0x4b9 ./system/src/diag/trace.o
 .debug_line    0x00007009      0xfb9 ./system/src/cortexm/exception-handlers.o
 .debug_line    0x00007fc2      0xa3a ./system/src/cortexm/initialize-hardware.o
 .debug_line    0x000089fc      0xacc ./system/src/cmsis/system_stm32f4xx.o
 .debug_line    0x000094c8      0x2d2 ./system/src/cmsis/vectors_stm32f407xx.o
 .debug_line    0x0000979a      0xbe7 ./src/initialize-hardware.o
 .debug_line    0x0000a381      0xa47 ./src/led.o
 .debug_line    0x0000adc8      0xbe8 ./src/main.o
 .debug_line    0x0000b9b0      0xa2a ./src/stm32f4xx_hal_msp.o
 .debug_line    0x0000c3da      0xaed ./src/timer.o

.debug_frame    0x00000000      0xf6c
 *(.debug_frame)
 .debug_frame   0x00000000      0x1f0 ./system/src/stm32f4-hal/stm32f4xx_hal.o
 .debug_frame   0x000001f0      0x214 ./system/src/stm32f4-hal/stm32f4xx_hal_cortex.o
 .debug_frame   0x00000404       0xfc ./system/src/stm32f4-hal/stm32f4xx_hal_gpio.o
 .debug_frame   0x00000500      0x16c ./system/src/stm32f4-hal/stm32f4xx_hal_rcc.o
 .debug_frame   0x0000066c       0x28 ./system/src/newlib/sbrk.o
 .debug_frame   0x00000694       0x7c ./system/src/newlib/startup.o
 .debug_frame   0x00000710      0x3d0 ./system/src/newlib/syscalls.o
 .debug_frame   0x00000ae0       0x64 ./system/src/diag/trace-impl.o
 .debug_frame   0x00000b44       0x94 ./system/src/diag/trace.o
 .debug_frame   0x00000bd8      0x174 ./system/src/cortexm/exception-handlers.o
 .debug_frame   0x00000d4c       0x40 ./system/src/cortexm/initialize-hardware.o
 .debug_frame   0x00000d8c       0x30 ./system/src/cmsis/system_stm32f4xx.o
 .debug_frame   0x00000dbc       0x20 ./system/src/cmsis/vectors_stm32f407xx.o
 .debug_frame   0x00000ddc       0x60 ./src/initialize-hardware.o
 .debug_frame   0x00000e3c       0x5c ./src/led.o
 .debug_frame   0x00000e98       0x2c ./src/main.o
 .debug_frame   0x00000ec4       0x50 ./src/stm32f4xx_hal_msp.o
 .debug_frame   0x00000f14       0x58 ./src/timer.o

.debug_str      0x00000000    0xf7702
 *(.debug_str)
 .debug_str     0x00000000    0xeeccc ./system/src/stm32f4-hal/stm32f4xx_hal.o
                              0xef062 (size before relaxing)
 .debug_str     0x000eeccc      0x3b3 ./system/src/stm32f4-hal/stm32f4xx_hal_cortex.o
                              0xeed97 (size before relaxing)
 .debug_str     0x000ef07f      0x27d ./system/src/stm32f4-hal/stm32f4xx_hal_gpio.o
                              0xee6f4 (size before relaxing)
 .debug_str     0x000ef2fc      0x3b2 ./system/src/stm32f4-hal/stm32f4xx_hal_rcc.o
                              0xee911 (size before relaxing)
 .debug_str     0x000ef6ae     0x391e ./system/src/newlib/sbrk.o
                               0x6fcb (size before relaxing)
 .debug_str     0x000f2fcc      0x2d1 ./system/src/newlib/startup.o
                               0x669b (size before relaxing)
 .debug_str     0x000f329d     0x3be9 ./system/src/newlib/syscalls.o
                               0xb633 (size before relaxing)
 .debug_str     0x000f6e86       0xbd ./system/src/diag/trace-impl.o
                              0xf1954 (size before relaxing)
 .debug_str     0x000f6f43      0x162 ./system/src/diag/trace.o
                               0x835c (size before relaxing)
 .debug_str     0x000f70a5      0x1dc ./system/src/cortexm/exception-handlers.o
                              0xf2ca2 (size before relaxing)
 .debug_str     0x000f7281       0x5d ./system/src/cortexm/initialize-hardware.o
                              0xee3f7 (size before relaxing)
 .debug_str     0x000f72de       0x46 ./system/src/cmsis/system_stm32f4xx.o
                              0xee4e5 (size before relaxing)
 .debug_str     0x000f7324       0x59 ./system/src/cmsis/vectors_stm32f407xx.o
                               0x3e4e (size before relaxing)
 .debug_str     0x000f737d       0x35 ./src/initialize-hardware.o
                              0xf1926 (size before relaxing)
 .debug_str     0x000f73b2      0x137 ./src/led.o
                              0xee5cd (size before relaxing)
 .debug_str     0x000f74e9      0x1b1 ./src/main.o
                              0xf30a2 (size before relaxing)
 .debug_str     0x000f769a       0x3d ./src/stm32f4xx_hal_msp.o
                              0xee322 (size before relaxing)
 .debug_str     0x000f76d7       0x2b ./src/timer.o
                              0xeea06 (size before relaxing)

.debug_loc
 *(.debug_loc)

.debug_macinfo
 *(.debug_macinfo)

.debug_weaknames
 *(.debug_weaknames)

.debug_funcnames
 *(.debug_funcnames)

.debug_typenames
 *(.debug_typenames)

.debug_varnames
 *(.debug_varnames)
OUTPUT(sensor.elf elf32-littlearm)
LOAD linker stubs

.debug_loclists
                0x00000000     0x2323
 .debug_loclists
                0x00000000       0xbe ./system/src/stm32f4-hal/stm32f4xx_hal.o
 .debug_loclists
                0x000000be      0x4ce ./system/src/stm32f4-hal/stm32f4xx_hal_cortex.o
 .debug_loclists
                0x0000058c      0x434 ./system/src/stm32f4-hal/stm32f4xx_hal_gpio.o
 .debug_loclists
                0x000009c0      0x3a8 ./system/src/stm32f4-hal/stm32f4xx_hal_rcc.o
 .debug_loclists
                0x00000d68       0x69 ./system/src/newlib/sbrk.o
 .debug_loclists
                0x00000dd1      0x2b7 ./system/src/newlib/startup.o
 .debug_loclists
                0x00001088      0xbfa ./system/src/newlib/syscalls.o
 .debug_loclists
                0x00001c82       0xf5 ./system/src/diag/trace-impl.o
 .debug_loclists
                0x00001d77       0xb2 ./system/src/diag/trace.o
 .debug_loclists
                0x00001e29      0x33e ./system/src/cortexm/exception-handlers.o
 .debug_loclists
                0x00002167       0xdb ./system/src/cmsis/system_stm32f4xx.o
 .debug_loclists
                0x00002242       0x48 ./src/initialize-hardware.o
 .debug_loclists
                0x0000228a       0x52 ./src/main.o
 .debug_loclists
                0x000022dc       0x47 ./src/timer.o

.debug_rnglists
                0x00000000      0x525
 .debug_rnglists
                0x00000000       0xaf ./system/src/stm32f4-hal/stm32f4xx_hal.o
 .debug_rnglists
                0x000000af       0xda ./system/src/stm32f4-hal/stm32f4xx_hal_cortex.o
 .debug_rnglists
                0x00000189       0x3f ./system/src/stm32f4-hal/stm32f4xx_hal_gpio.o
 .debug_rnglists
                0x000001c8       0x75 ./system/src/stm32f4-hal/stm32f4xx_hal_rcc.o
 .debug_rnglists
                0x0000023d       0x13 ./system/src/newlib/sbrk.o
 .debug_rnglists
                0x00000250       0x50 ./system/src/newlib/startup.o
 .debug_rnglists
                0x000002a0       0xe3 ./system/src/newlib/syscalls.o
 .debug_rnglists
                0x00000383       0x2b ./system/src/diag/trace-impl.o
 .debug_rnglists
                0x000003ae       0x25 ./system/src/diag/trace.o
 .debug_rnglists
                0x000003d3       0x6f ./system/src/cortexm/exception-handlers.o
 .debug_rnglists
                0x00000442       0x19 ./system/src/cortexm/initialize-hardware.o
 .debug_rnglists
                0x0000045b       0x1a ./system/src/cmsis/system_stm32f4xx.o
 .debug_rnglists
                0x00000475       0x13 ./system/src/cmsis/vectors_stm32f407xx.o
 .debug_rnglists
                0x00000488       0x20 ./src/initialize-hardware.o
 .debug_rnglists
                0x000004a8       0x1f ./src/led.o
 .debug_rnglists
                0x000004c7       0x14 ./src/main.o
 .debug_rnglists
                0x000004db       0x25 ./src/stm32f4xx_hal_msp.o
 .debug_rnglists
                0x00000500       0x25 ./src/timer.o

.debug_macro    0x00000000    0x295e4
 .debug_macro   0x00000000      0x44c ./system/src/stm32f4-hal/stm32f4xx_hal.o
 .debug_macro   0x0000044c      0xac0 ./system/src/stm32f4-hal/stm32f4xx_hal.o
 .debug_macro   0x00000f0c      0x3a2 ./system/src/stm32f4-hal/stm32f4xx_hal.o
 .debug_macro   0x000012ae       0x2e ./system/src/stm32f4-hal/stm32f4xx_hal.o
 .debug_macro   0x000012dc       0x2f ./system/src/stm32f4-hal/stm32f4xx_hal.o
 .debug_macro   0x0000130b       0x22 ./system/src/stm32f4-hal/stm32f4xx_hal.o
 .debug_macro   0x0000132d       0x8e ./system/src/stm32f4-hal/stm32f4xx_hal.o
 .debug_macro   0x000013bb       0x51 ./system/src/stm32f4-hal/stm32f4xx_hal.o
 .debug_macro   0x0000140c      0x103 ./system/src/stm32f4-hal/stm32f4xx_hal.o
 .debug_macro   0x0000150f       0x6a ./system/src/stm32f4-hal/stm32f4xx_hal.o
 .debug_macro   0x00001579      0x1df ./system/src/stm32f4-hal/stm32f4xx_hal.o
 .debug_macro   0x00001758       0x1c ./system/src/stm32f4-hal/stm32f4xx_hal.o
 .debug_macro   0x00001774       0x22 ./system/src/stm32f4-hal/stm32f4xx_hal.o
 .debug_macro   0x00001796       0xd9 ./system/src/stm32f4-hal/stm32f4xx_hal.o
 .debug_macro   0x0000186f     0x102d ./system/src/stm32f4-hal/stm32f4xx_hal.o
 .debug_macro   0x0000289c      0x11f ./system/src/stm32f4-hal/stm32f4xx_hal.o
 .debug_macro   0x000029bb    0x15e3c ./system/src/stm32f4-hal/stm32f4xx_hal.o
 .debug_macro   0x000187f7       0x43 ./system/src/stm32f4-hal/stm32f4xx_hal.o
 .debug_macro   0x0001883a     0x3659 ./system/src/stm32f4-hal/stm32f4xx_hal.o
 .debug_macro   0x0001be93      0x189 ./system/src/stm32f4-hal/stm32f4xx_hal.o
 .debug_macro   0x0001c01c       0x5a ./system/src/stm32f4-hal/stm32f4xx_hal.o
 .debug_macro   0x0001c076      0x96b ./system/src/stm32f4-hal/stm32f4xx_hal.o
 .debug_macro   0x0001c9e1      0x9fe ./system/src/stm32f4-hal/stm32f4xx_hal.o
 .debug_macro   0x0001d3df      0x117 ./system/src/stm32f4-hal/stm32f4xx_hal.o
 .debug_macro   0x0001d4f6      0x13e ./system/src/stm32f4-hal/stm32f4xx_hal.o
 .debug_macro   0x0001d634       0x27 ./system/src/stm32f4-hal/stm32f4xx_hal.o
 .debug_macro   0x0001d65b      0x174 ./system/src/stm32f4-hal/stm32f4xx_hal.o
 .debug_macro   0x0001d7cf      0x287 ./system/src/stm32f4-hal/stm32f4xx_hal.o
 .debug_macro   0x0001da56       0x5f ./system/src/stm32f4-hal/stm32f4xx_hal.o
 .debug_macro   0x0001dab5      0x236 ./system/src/stm32f4-hal/stm32f4xx_hal.o
 .debug_macro   0x0001dceb      0x391 ./system/src/stm32f4-hal/stm32f4xx_hal.o
 .debug_macro   0x0001e07c      0x176 ./system/src/stm32f4-hal/stm32f4xx_hal.o
 .debug_macro   0x0001e1f2       0xf9 ./system/src/stm32f4-hal/stm32f4xx_hal.o
 .debug_macro   0x0001e2eb      0x40f ./system/src/stm32f4-hal/stm32f4xx_hal.o
 .debug_macro   0x0001e6fa       0x22 ./system/src/stm32f4-hal/stm32f4xx_hal.o
 .debug_macro   0x0001e71c       0xea ./system/src/stm32f4-hal/stm32f4xx_hal.o
 .debug_macro   0x0001e806       0xa0 ./system/src/stm32f4-hal/stm32f4xx_hal.o
 .debug_macro   0x0001e8a6       0x3c ./system/src/stm32f4-hal/stm32f4xx_hal.o
 .debug_macro   0x0001e8e2       0x1f ./system/src/stm32f4-hal/stm32f4xx_hal.o
 .debug_macro   0x0001e901      0x1d2 ./system/src/stm32f4-hal/stm32f4xx_hal.o
 .debug_macro   0x0001ead3      0xccf ./system/src/stm32f4-hal/stm32f4xx_hal.o
 .debug_macro   0x0001f7a2      0x12c ./system/src/stm32f4-hal/stm32f4xx_hal.o
 .debug_macro   0x0001f8ce      0x21e ./system/src/stm32f4-hal/stm32f4xx_hal.o
 .debug_macro   0x0001faec       0x2e ./system/src/stm32f4-hal/stm32f4xx_hal.o
 .debug_macro   0x0001fb1a      0x543 ./system/src/stm32f4-hal/stm32f4xx_hal.o
 .debug_macro   0x0002005d       0x88 ./system/src/stm32f4-hal/stm32f4xx_hal.o
 .debug_macro   0x000200e5       0xea ./system/src/stm32f4-hal/stm32f4xx_hal.o
 .debug_macro   0x000201cf      0x184 ./system/src/stm32f4-hal/stm32f4xx_hal.o
 .debug_macro   0x00020353      0x1b5 ./system/src/stm32f4-hal/stm32f4xx_hal.o
 .debug_macro   0x00020508       0xd6 ./system/src/stm32f4-hal/stm32f4xx_hal.o
 .debug_macro   0x000205de      0x26b ./system/src/stm32f4-hal/stm32f4xx_hal.o
 .debug_macro   0x00020849      0x1a7 ./system/src/stm32f4-hal/stm32f4xx_hal.o
 .debug_macro   0x000209f0       0x46 ./system/src/stm32f4-hal/stm32f4xx_hal.o
 .debug_macro   0x00020a36       0x4a ./system/src/stm32f4-hal/stm32f4xx_hal.o
 .debug_macro   0x00020a80       0x78 ./system/src/stm32f4-hal/stm32f4xx_hal.o
 .debug_macro   0x00020af8      0x11a ./system/src/stm32f4-hal/stm32f4xx_hal.o
 .debug_macro   0x00020c12       0x7e ./system/src/stm32f4-hal/stm32f4xx_hal.o
 .debug_macro   0x00020c90       0x89 ./system/src/stm32f4-hal/stm32f4xx_hal.o
 .debug_macro   0x00020d19       0xa4 ./system/src/stm32f4-hal/stm32f4xx_hal.o
 .debug_macro   0x00020dbd      0x31a ./system/src/stm32f4-hal/stm32f4xx_hal.o
 .debug_macro   0x000210d7      0x405 ./system/src/stm32f4-hal/stm32f4xx_hal.o
 .debug_macro   0x000214dc       0xe4 ./system/src/stm32f4-hal/stm32f4xx_hal.o
 .debug_macro   0x000215c0      0x861 ./system/src/stm32f4-hal/stm32f4xx_hal.o
 .debug_macro   0x00021e21      0x1d5 ./system/src/stm32f4-hal/stm32f4xx_hal.o
 .debug_macro   0x00021ff6      0x225 ./system/src/stm32f4-hal/stm32f4xx_hal.o
 .debug_macro   0x0002221b      0x8a0 ./system/src/stm32f4-hal/stm32f4xx_hal.o
 .debug_macro   0x00022abb       0x47 ./system/src/stm32f4-hal/stm32f4xx_hal.o
 .debug_macro   0x00022b02      0x287 ./system/src/stm32f4-hal/stm32f4xx_hal.o
 .debug_macro   0x00022d89      0x217 ./system/src/stm32f4-hal/stm32f4xx_hal.o
 .debug_macro   0x00022fa0      0x1b5 ./system/src/stm32f4-hal/stm32f4xx_hal.o
 .debug_macro   0x00023155      0x2db ./system/src/stm32f4-hal/stm32f4xx_hal.o
 .debug_macro   0x00023430       0x8d ./system/src/stm32f4-hal/stm32f4xx_hal.o
 .debug_macro   0x000234bd      0x21e ./system/src/stm32f4-hal/stm32f4xx_hal.o
 .debug_macro   0x000236db       0xba ./system/src/stm32f4-hal/stm32f4xx_hal.o
 .debug_macro   0x00023795       0x6e ./system/src/stm32f4-hal/stm32f4xx_hal.o
 .debug_macro   0x00023803      0x1e9 ./system/src/stm32f4-hal/stm32f4xx_hal.o
 .debug_macro   0x000239ec      0x12d ./system/src/stm32f4-hal/stm32f4xx_hal.o
 .debug_macro   0x00023b19      0x3ec ./system/src/stm32f4-hal/stm32f4xx_hal_cortex.o
 .debug_macro   0x00023f05      0x422 ./system/src/stm32f4-hal/stm32f4xx_hal_gpio.o
 .debug_macro   0x00024327      0x410 ./system/src/stm32f4-hal/stm32f4xx_hal_rcc.o
 .debug_macro   0x00024737      0x163 ./system/src/newlib/sbrk.o
 .debug_macro   0x0002489a       0x10 ./system/src/newlib/sbrk.o
 .debug_macro   0x000248aa      0x23c ./system/src/newlib/sbrk.o
 .debug_macro   0x00024ae6      0x174 ./system/src/newlib/startup.o
 .debug_macro   0x00024c5a      0xac6 ./system/src/newlib/startup.o
 .debug_macro   0x00025720       0x7b ./system/src/newlib/startup.o
 .debug_macro   0x0002579b      0x2dd ./system/src/newlib/syscalls.o
 .debug_macro   0x00025a78       0x10 ./system/src/newlib/syscalls.o
 .debug_macro   0x00025a88       0x10 ./system/src/newlib/syscalls.o
 .debug_macro   0x00025a98       0x10 ./system/src/newlib/syscalls.o
 .debug_macro   0x00025aa8       0x35 ./system/src/newlib/syscalls.o
 .debug_macro   0x00025add      0x12c ./system/src/newlib/syscalls.o
 .debug_macro   0x00025c09      0x22a ./system/src/newlib/syscalls.o
 .debug_macro   0x00025e33       0x10 ./system/src/newlib/syscalls.o
 .debug_macro   0x00025e43       0x1c ./system/src/newlib/syscalls.o
 .debug_macro   0x00025e5f       0x10 ./system/src/newlib/syscalls.o
 .debug_macro   0x00025e6f       0x10 ./system/src/newlib/syscalls.o
 .debug_macro   0x00025e7f       0x16 ./system/src/newlib/syscalls.o
 .debug_macro   0x00025e95      0x170 ./system/src/newlib/syscalls.o
 .debug_macro   0x00026005       0x16 ./system/src/newlib/syscalls.o
 .debug_macro   0x0002601b       0xce ./system/src/newlib/syscalls.o
 .debug_macro   0x000260e9      0x242 ./system/src/newlib/syscalls.o
 .debug_macro   0x0002632b       0x16 ./system/src/newlib/syscalls.o
 .debug_macro   0x00026341       0x3a ./system/src/newlib/syscalls.o
 .debug_macro   0x0002637b      0x11f ./system/src/newlib/syscalls.o
 .debug_macro   0x0002649a      0x190 ./system/src/newlib/syscalls.o
 .debug_macro   0x0002662a       0x16 ./system/src/newlib/syscalls.o
 .debug_macro   0x00026640       0x22 ./system/src/newlib/syscalls.o
 .debug_macro   0x00026662      0x522 ./system/src/diag/trace-impl.o
 .debug_macro   0x00026b84       0x10 ./system/src/diag/trace-impl.o
 .debug_macro   0x00026b94      0x1f4 ./system/src/diag/trace.o
 .debug_macro   0x00026d88       0x16 ./system/src/diag/trace.o
 .debug_macro   0x00026d9e       0x9e ./system/src/diag/trace.o
 .debug_macro   0x00026e3c      0x10b ./system/src/diag/trace.o
 .debug_macro   0x00026f47       0x16 ./system/src/diag/trace.o
 .debug_macro   0x00026f5d       0x4c ./system/src/diag/trace.o
 .debug_macro   0x00026fa9       0xc1 ./system/src/diag/trace.o
 .debug_macro   0x0002706a      0x595 ./system/src/cortexm/exception-handlers.o
 .debug_macro   0x000275ff       0x10 ./system/src/cortexm/exception-handlers.o
 .debug_macro   0x0002760f      0x3f6 ./system/src/cortexm/initialize-hardware.o
 .debug_macro   0x00027a05      0x3f2 ./system/src/cmsis/system_stm32f4xx.o
 .debug_macro   0x00027df7       0x73 ./system/src/cmsis/vectors_stm32f407xx.o
 .debug_macro   0x00027e6a      0x507 ./src/initialize-hardware.o
 .debug_macro   0x00028371      0x3fb ./src/led.o
 .debug_macro   0x0002876c       0x28 ./src/led.o
 .debug_macro   0x00028794      0x5c3 ./src/main.o
 .debug_macro   0x00028d57       0x54 ./src/main.o
 .debug_macro   0x00028dab       0x2e ./src/main.o
 .debug_macro   0x00028dd9      0x3ec ./src/stm32f4xx_hal_msp.o
 .debug_macro   0x000291c5      0x40f ./src/timer.o
 .debug_macro   0x000295d4       0x10 ./src/timer.o
